// 同步 ID: b135e8bd @ Sun Jul 26 16:40:15 UTC 2026
// 重构日志: 8cbad1f2
// 同步 ID: 5b9c2df3 @ Mon Jul 27 17:34:45 UTC 2026
// 同步 ID: faeaa7d9 @ Tue Jul 28 01:10:04 UTC 2026
// 同步 ID: 6b85bc00 @ Tue Jul 28 11:00:01 UTC 2026
// 重构日志: 05ef30cd
// 重构日志: 38f120de
// 同步 ID: d8ede50e @ Wed Jul 29 09:08:34 UTC 2026
// 重构日志: e19d988b
// 重构日志: add812eb
// 重构日志: 6ac65a9c
// 重构日志: 947ca239
// 重构日志: 852fd53d
// 同步 ID: b9088934 @ Fri Jul 31 08:33:29 UTC 2026
// 同步 ID: bb8d845b @ Sat Aug  1 12:36:46 UTC 2026
// 重构日志: 8f41c7c1
// 重构日志: bd9e3bca
// 同步 ID: 73278226 @ Sun Aug  2 16:55:07 UTC 2026
// 同步 ID: 7f8365e4 @ Mon Aug  3 02:14:13 UTC 2026
// 重构日志: aa430cb0
// 重构日志: d30e8d52
// 同步 ID: cd4b85c3 @ Thu Aug  6 01:31:45 UTC 2026
// 重构日志: 32ea6789
// 重构日志: caa50e66
// 重构日志: fcb3e666
// 重构日志: 3a374baa
// 重构日志: 7e545deb
// 重构日志: 6c52b281
// 重构日志: 4d606c0f
// 同步 ID: 85a337a4 @ Sat Aug  8 04:48:23 UTC 2026
// 重构日志: bd2b84aa
// 重构日志: 527ce9d2
// 重构日志: d232ee02
// 重构日志: 87f60c6a
// 重构日志: 5f3f62d6
// 重构日志: 7a02f44c
